// Jest Snapshot v1, https://goo.gl/fbAQLP

exports[`HomeScreen 1. Rendu du snapshot 1`] = `
<View
  style={
    {
      "alignItems": "center",
      "backgroundColor": "#0E0E2C",
      "flex": 1,
      "justifyContent": "center",
      "padding": 16,
    }
  }
>
  <TextInput
    onChangeText={[Function]}
    placeholder="Nom"
    style={
      {
        "backgroundColor": "#1C1C3C",
        "borderColor": "white",
        "borderRadius": 10,
        "borderWidth": 1,
        "color": "white",
        "marginVertical": 10,
        "padding": 12,
        "width": "80%",
      }
    }
    value=""
  />
  <TextInput
    onChangeText={[Function]}
    placeholder="Prénom"
    style={
      {
        "backgroundColor": "#1C1C3C",
        "borderColor": "white",
        "borderRadius": 10,
        "borderWidth": 1,
        "color": "white",
        "marginVertical": 10,
        "padding": 12,
        "width": "80%",
      }
    }
    value=""
  />
  <View
    accessibilityRole="button"
    accessibilityState={
      {
        "busy": undefined,
        "checked": undefined,
        "disabled": undefined,
        "expanded": undefined,
        "selected": undefined,
      }
    }
    accessibilityValue={
      {
        "max": undefined,
        "min": undefined,
        "now": undefined,
        "text": undefined,
      }
    }
    accessible={true}
    collapsable={false}
    focusable={true}
    onClick={[Function]}
    onResponderGrant={[Function]}
    onResponderMove={[Function]}
    onResponderRelease={[Function]}
    onResponderTerminate={[Function]}
    onResponderTerminationRequest={[Function]}
    onStartShouldSetResponder={[Function]}
    style={
      {
        "opacity": 1,
      }
    }
  >
    <View
      style={
        [
          {},
        ]
      }
    >
      <Text
        style={
          [
            {
              "color": "#007AFF",
              "fontSize": 18,
              "margin": 8,
              "textAlign": "center",
            },
          ]
        }
      >
        Générer le QR Code
      </Text>
    </View>
  </View>
</View>
`;
